// Jest Snapshot v1, https://goo.gl/fbAQLP

exports[`<Button /> snapshot renders the component with default props 1`] = `
<DocumentFragment>
  <button
    id="Test"
  />
</DocumentFragment>
`;
