// Jest Snapshot v1, https://goo.gl/fbAQLP

exports[`<Form /> snapshot renders the component with default props 1`] = `
<DocumentFragment>
  <form
    id="Test"
  />
</DocumentFragment>
`;
